# Optimization log started at 2026-03-26T11:08:09.588542
# iter	A1_imag	B1	lambda	obj
1	5.400000000000e-01	3.000000000000e-01	9.735270636136e-01	8.452006697268e-03
2	5.670000000000e-01	3.000000000000e-01	1.043693872965e+00	1.139412583365e-02
3	5.400000000000e-01	3.150000000000e-01	9.510451119382e-01	1.174262008629e-02
4	5.670000000000e-01	2.850000000000e-01	1.066181584143e+00	9.049199503655e-03
5	5.400000000000e-01	2.850000000000e-01	9.960129146789e-01	5.992047963158e-03
6	5.265000000000e-01	2.775000000000e-01	9.721725588666e-01	4.011454773132e-03
7	4.995000000000e-01	2.925000000000e-01	8.795235663112e-01	5.491882421533e-03
8	4.860000000000e-01	2.700000000000e-01	8.781654962329e-01	2.280512098865e-03
9	4.590000000000e-01	2.550000000000e-01	8.304852129272e-01	2.066875533780e-03
10	4.860000000000e-01	2.400000000000e-01	9.231407511529e-01	2.322251389180e-04
11	4.792500000000e-01	2.137500000000e-01	9.449567840516e-01	4.236093932660e-04
12	4.185000000000e-01	2.175000000000e-01	7.814528455273e-01	5.489438922016e-03
13	4.995000000000e-01	2.625000000000e-01	9.244921011111e-01	1.492285659310e-03
14	5.265000000000e-01	2.475000000000e-01	1.017150496539e+00	1.508590977896e-03
15	5.096250000000e-01	2.493750000000e-01	9.704830296913e-01	8.013996715125e-04
16	4.961250000000e-01	2.268750000000e-01	9.691335176885e-01	7.862733327371e-06
17	4.944375000000e-01	2.090625000000e-01	9.914565623915e-01	4.046107806109e-04
18	4.725000000000e-01	2.175000000000e-01	9.217913643925e-01	5.475542341868e-04
19	4.817812500000e-01	2.254687500000e-01	9.339640804427e-01	1.379132316147e-04
20	4.919062500000e-01	2.123437500000e-01	9.799579172061e-01	2.774942347748e-04
21	4.874765625000e-01	2.330859375000e-01	9.373446066397e-01	6.813930485971e-05
22	5.018203125000e-01	2.344921875000e-01	9.725139603195e-01	1.203682311235e-04
23	4.968105468750e-01	2.322363281250e-01	9.628764759653e-01	3.421241380713e-05
24	5.054589843750e-01	2.260253906250e-01	9.946656157914e-01	1.436508993129e-04
25	4.919721679688e-01	2.313208007812e-01	9.516747582638e-01	1.699142590942e-05
26	4.912866210938e-01	2.259594726562e-01	9.579317786425e-01	8.351844847584e-06
27	4.954394531250e-01	2.215136718750e-01	9.753906814112e-01	4.938524299211e-05
28	4.928389892578e-01	2.288690185547e-01	9.576036832627e-01	1.792795796255e-06
29	4.976773681641e-01	2.297845458984e-01	9.688054150856e-01	2.198620440827e-05
30	4.928843078613e-01	2.269157409668e-01	9.606501855028e-01	1.160058680307e-06
31	4.895982971191e-01	2.289097595215e-01	9.491203744599e-01	1.595941123036e-05
32	4.944933242798e-01	2.273836898804e-01	9.641302208888e-01	1.220989825108e-06
33	4.945386428833e-01	2.254304122925e-01	9.671767434437e-01	7.530521574693e-06
34	4.932639026642e-01	2.280093669891e-01	9.599969406446e-01	1.039478450297e-07
35	4.916548862457e-01	2.275414180756e-01	9.565169061741e-01	3.194835346538e-06
36	4.937837147713e-01	2.274231219292e-01	9.622268911186e-01	2.445086568840e-07
37	4.941633095741e-01	2.285167479515e-01	9.615736479393e-01	1.140427826016e-06
38	4.938435591459e-01	2.281164962053e-01	9.613427812737e-01	2.882381838662e-07
39	4.932040582895e-01	2.273159927130e-01	9.608810504950e-01	2.983539172360e-07
40	4.936836839318e-01	2.279163703322e-01	9.612273483565e-01	7.659374632981e-08
41	4.931638718247e-01	2.285026153922e-01	9.589973997887e-01	7.159362474351e-07
42	4.936287540346e-01	2.276929952949e-01	9.614195177992e-01	3.603540065135e-08
43	4.940485353023e-01	2.275999986380e-01	9.626499265120e-01	3.756749388308e-07
44	4.934600608237e-01	2.279070249014e-01	9.606601869859e-01	2.281477224902e-08
45	4.934051309265e-01	2.276836498640e-01	9.608523554913e-01	1.058370946751e-08
46	4.932658544239e-01	2.275672896300e-01	9.606648589883e-01	8.124922062123e-08
47	4.932364377156e-01	2.278976794705e-01	9.600930250781e-01	6.607675179300e-08
48	4.935306749549e-01	2.277441663388e-01	9.610878947225e-01	6.289971113783e-09
49	4.934757450577e-01	2.275207913015e-01	9.612800640513e-01	7.164398856321e-08
50	4.934639818822e-01	2.278104665014e-01	9.608151561831e-01	2.250366232562e-09
51	4.935895259106e-01	2.278709829762e-01	9.610506945740e-01	3.011949598229e-08
52	4.934512296725e-01	2.277304831421e-01	9.609019401762e-01	1.619739053238e-09
53	4.933845365999e-01	2.277967833047e-01	9.606292019372e-01	5.756260862235e-09
54	4.934210711886e-01	2.277836290632e-01	9.607438753432e-01	1.384360902633e-09
55	4.934083189789e-01	2.277036457039e-01	9.608306593385e-01	6.836884353533e-09
56	4.934500661564e-01	2.277837613020e-01	9.608190312665e-01	3.255140821721e-10
57	4.934199076725e-01	2.278369072231e-01	9.606609667049e-01	6.809140117526e-09
58	4.934433991725e-01	2.277570891623e-01	9.608416972340e-01	2.421115038040e-10
59	4.934723941403e-01	2.277572214012e-01	9.609168533196e-01	4.337914658140e-10
60	4.934595634024e-01	2.277638233167e-01	9.608736093606e-01	4.175665857054e-11
61	4.934528964185e-01	2.277371511770e-01	9.608962744963e-01	1.076638458516e-09
62	4.934507737219e-01	2.277721087708e-01	9.608383427167e-01	3.790728065110e-11
63	4.934669379518e-01	2.277788429251e-01	9.608702546709e-01	3.017455211934e-10
64	4.934492838673e-01	2.277625276030e-01	9.608488363456e-01	5.508392680588e-11
65	4.934610532570e-01	2.277734044844e-01	9.608631149628e-01	8.112369587374e-11
66	4.934522262147e-01	2.277652468234e-01	9.608524062016e-01	1.050837763187e-11
67	4.934434365343e-01	2.277735322775e-01	9.608171392129e-01	1.616145306537e-10
68	4.934555316853e-01	2.277662505569e-01	9.608594909862e-01	2.965402008643e-12
69	4.934569841782e-01	2.277593886095e-01	9.608735555695e-01	8.302241354781e-11
70	4.934523263360e-01	2.277689287304e-01	9.608471459370e-01	6.581564932777e-12
71	4.934556318066e-01	2.277699324639e-01	9.608542315449e-01	8.684405968926e-12
72	4.934547804086e-01	2.277687610538e-01	9.608537745107e-01	1.601775869518e-12
73	4.934579857580e-01	2.277660828802e-01	9.608661212563e-01	1.494021357931e-11
74	4.934537411915e-01	2.277682172679e-01	9.608518896391e-01	1.064953978588e-12
75	4.934529899148e-01	2.277707277648e-01	9.608461729075e-01	1.427609192092e-11
76	4.934548962427e-01	2.277673698589e-01	9.608561620598e-01	2.336531024243e-13
77	4.934538570256e-01	2.277668260729e-01	9.608542765719e-01	8.392902446194e-13
78	4.934550120768e-01	2.277659786639e-01	9.608585491952e-01	2.983465268743e-12
79	4.934540589128e-01	2.277676576169e-01	9.608535546157e-01	1.398889746723e-13
80	4.934550981300e-01	2.277682014028e-01	9.608554398755e-01	9.789763399138e-13
81	4.934541673017e-01	2.277671699054e-01	9.608545671776e-01	2.711386192489e-13
82	4.934547878539e-01	2.277678575703e-01	9.608551481832e-01	4.528013429149e-14
83	4.934550981300e-01	2.277682014028e-01	9.608554399395e-01	1.026564809837e-12
84	4.934539505240e-01	2.277681453284e-01	9.608525416693e-01	7.189025649589e-13
85	4.934546598130e-01	2.277675637262e-01	9.608552569529e-01	6.561348321308e-14
86	4.934553887541e-01	2.277677636797e-01	9.608568517019e-01	1.096456969785e-12
87	4.934543913731e-01	2.277676841326e-01	9.608543783862e-01	4.020756188624e-14
88	4.934545194140e-01	2.277679779767e-01	9.608542705884e-01	2.095983567318e-13
89	4.934546247133e-01	2.277676672888e-01	9.608550105423e-01	1.021733556794e-13
90	4.934545896135e-01	2.277677708515e-01	9.608547639220e-01	1.176490266027e-13
91	4.934545255931e-01	2.277676239294e-01	9.608548177775e-01	2.405002490189e-14
92	4.934543273527e-01	2.277675372105e-01	9.608544321405e-01	7.216197903652e-14
93	4.934543929179e-01	2.277675956208e-01	9.608545156163e-01	2.064771565797e-14
94	4.934545271378e-01	2.277675354176e-01	9.608549546902e-01	2.645999605771e-14
95	4.934544931967e-01	2.277675725963e-01	9.608548105880e-01	1.093689467936e-14
96	4.934543605215e-01	2.277675442877e-01	9.608545083517e-01	6.903592881740e-15
97	4.934542779857e-01	2.277675044668e-01	9.608543534974e-01	1.643918364757e-14
98	4.934544608003e-01	2.277675212633e-01	9.608548034296e-01	4.663794061419e-15
99	4.934544947414e-01	2.277674840845e-01	9.608549469221e-01	1.302345462929e-14
100	4.934543281251e-01	2.277674929546e-01	9.608545003167e-01	1.253057942868e-13
101	4.934544519288e-01	2.277675526859e-01	9.608547331716e-01	3.632368947968e-15
102	4.934545522075e-01	2.277675296615e-01	9.608550284840e-01	3.470432381304e-14
103	4.934544084430e-01	2.277675406311e-01	9.608546383921e-01	6.819290822776e-15
104	4.934545042860e-01	2.277675333180e-01	9.608548984803e-01	2.375145257971e-14
105	4.934544324038e-01	2.277675388029e-01	9.608547034075e-01	8.485096056035e-15
106	4.934544563645e-01	2.277675369746e-01	9.608547684584e-01	1.441101501386e-14
107	4.934544301859e-01	2.277675466585e-01	9.608546858932e-01	1.167795425049e-14
108	4.934544257501e-01	2.277675623699e-01	9.608546506214e-01	4.907829059222e-15
109	4.934544474930e-01	2.277675683972e-01	9.608546981246e-01	7.485987016532e-15
110	4.934544431662e-01	2.277675629626e-01	9.608546951855e-01	1.719452241843e-14
111	4.934544388395e-01	2.277675575279e-01	9.608546913854e-01	2.872720397226e-14
112	4.934544410573e-01	2.277675496722e-01	9.608547096307e-01	1.384593091307e-14
113	4.934544541466e-01	2.277675448303e-01	9.608547506275e-01	1.103236911470e-15
114	4.934544618002e-01	2.277675384814e-01	9.608547801200e-01	2.343728864460e-15
115	4.934544650181e-01	2.277675478439e-01	9.608547746455e-01	1.750330791226e-14
116	4.934544470475e-01	2.277675492152e-01	9.608547251679e-01	2.865068584266e-14
117	4.934544530377e-01	2.277675487581e-01	9.608547419773e-01	4.528452542640e-15
118	4.934544476020e-01	2.277675472512e-01	9.608547301647e-01	6.701815051782e-15
